<html>
<body>
<pre>
<h1>µVision Build Log</h1>
<h2>Project:</h2>
D:\Collage\JUNIOR\Semester two\Embedded\projectagain\Keil_test\project.uvproj
Project File Date:  04/24/2025

<h2>Output:</h2>
Rebuild target 'Target 1'
assembling startup_TM4C123.s...
compiling EEPROM.c...
compiling main.c...
compiling Systick.c...
linking...
Program Size: Code=680 RO-data=652 RW-data=4 ZI-data=516  
".\project.axf" - 0 Error(s), 0 Warning(s).
</pre>
</body>
</html>
-D: explicit type is missing ("int" assumed)
         volatile read_value = EEPROM_read(0x01);
main.c: 1 warning, 1 error
compiling Systick.c...
".\project.axf" - 1 Error(s), 1 Warning(s).
Target not created
Error: Could not load file 'D:\Collage\JUNIOR\Semester two\Embedded\projectagain\Keil_test\project.axf'. Debugger aborted !
Error: Could not load file 'D:\Collage\JUNIOR\Semester two\Embedded\projectagain\Keil_test\project.axf'. Debugger aborted !
