ARM Linker, 5.03 [Build 76] [MDK-ARM Lite]

==============================================================================

Section Cross References

    startup_tm4c123.o(STACK) refers (Special) to heapauxi.o(.text) for __use_two_region_memory
    startup_tm4c123.o(HEAP) refers (Special) to heapauxi.o(.text) for __use_two_region_memory
    startup_tm4c123.o(RESET) refers (Special) to heapauxi.o(.text) for __use_two_region_memory
    startup_tm4c123.o(RESET) refers to startup_tm4c123.o(STACK) for __initial_sp
    startup_tm4c123.o(RESET) refers to startup_tm4c123.o(.text) for Reset_Handler
    startup_tm4c123.o(RESET) refers to systick.o(.text) for SysTick_Handler
    startup_tm4c123.o(.text) refers (Special) to heapauxi.o(.text) for __use_two_region_memory
    startup_tm4c123.o(.text) refers to __main.o(!!!main) for __main
    startup_tm4c123.o(.text) refers to startup_tm4c123.o(HEAP) for Heap_Mem
    startup_tm4c123.o(.text) refers to startup_tm4c123.o(STACK) for Stack_Mem
    main.o(.text) refers to gpio.o(.text) for DIO_u8GetPinValue
    main.o(.text) refers to lcd.o(.text) for LCD_Clear
    main.o(.text) refers to systick.o(.text) for SYSTICK_DelayMs
    main.o(.text) refers to program.o(.text) for Game_LCDRedraw
    main.o(.text) refers to led.o(.text) for HAL_LEDsCelebrationEffect
    main.o(.text) refers to main.o(.data) for counter
    main.o(.text) refers to program.o(.data) for confirm
    program.o(.text) refers to _printf_percent.o(.ARM.Collect$$_printf_percent$$00000000) for _printf_percent
    program.o(.text) refers to _printf_d.o(.ARM.Collect$$_printf_percent$$00000009) for _printf_d
    program.o(.text) refers to _printf_dec.o(.text) for _printf_int_dec
    program.o(.text) refers to systick.o(.text) for SysTick_Init
    program.o(.text) refers to adc.o(.text) for ADC_Init
    program.o(.text) refers to uart.o(.text) for UART5_Init
    program.o(.text) refers to gpio.o(.text) for DIO_voidInitPort
    program.o(.text) refers to lcd.o(.text) for LCD_Init
    program.o(.text) refers to led.o(.text) for HAL_LEDsInit
    program.o(.text) refers to switch.o(.text) for HAL_SWsInit
    program.o(.text) refers to gps.o(.text) for HAL_GPSRecieveMsg
    program.o(.text) refers to f2d.o(x$fpl$f2d) for __aeabi_f2d
    program.o(.text) refers to drleqf.o(x$fpl$drleqf) for __aeabi_cdrcmple
    program.o(.text) refers to dfix.o(x$fpl$dfix) for __aeabi_d2iz
    program.o(.text) refers to noretval__2sprintf.o(.text) for __2sprintf
    program.o(.text) refers to program.o(.data) for seed
    program.o(.text) refers to main.o(.data) for randseed
    program.o(.text) refers to program.o(.bss) for msg
    program.o(.text) refers to gps.o(.data) for curr_p
    program.o(.text) refers to rt_memcpy_w.o(.text) for __aeabi_memcpy4
    program.o(.text) refers to dleqf.o(x$fpl$dleqf) for __aeabi_cdcmple
    program.o(.text) refers to deqf.o(x$fpl$deqf) for __aeabi_cdcmpeq
    gps.o(.text) refers to dflt_clz.o(x$fpl$dflt) for __aeabi_i2d
    gps.o(.text) refers to pow.o(i.__hardfp_pow) for __hardfp_pow
    gps.o(.text) refers to dmul.o(x$fpl$dmul) for __aeabi_dmul
    gps.o(.text) refers to f2d.o(x$fpl$f2d) for __aeabi_f2d
    gps.o(.text) refers to daddsub_clz.o(x$fpl$dadd) for __aeabi_dadd
    gps.o(.text) refers to d2f.o(x$fpl$d2f) for __aeabi_d2f
    gps.o(.text) refers to uart.o(.text) for UART5_ReceiveChar
    gps.o(.text) refers to strchr.o(.text) for strchr
    gps.o(.text) refers to strlen.o(.text) for strlen
    gps.o(.text) refers to strncpy.o(.text) for strncpy
    gps.o(.text) refers to ddiv.o(x$fpl$ddiv) for __aeabi_ddiv
    gps.o(.text) refers to gps.o(.bss) for MsgRecieved
    gps.o(.text) refers to gps.o(.constdata) for MsgHeader
    gps.o(.text) refers to gps.o(.data) for len
    gps.o(.text) refers to sin.o(i.__hardfp_sin) for __hardfp_sin
    gps.o(.text) refers to cos.o(i.__hardfp_cos) for __hardfp_cos
    gps.o(.text) refers to sqrt.o(i.__hardfp_sqrt) for __hardfp_sqrt
    gps.o(.text) refers to atan2.o(i.__hardfp_atan2) for __hardfp_atan2
    gps.o(.text) refers to dleqf.o(x$fpl$dleqf) for __aeabi_cdcmple
    gps.o(.text) refers to daddsub_clz.o(x$fpl$dsub) for __aeabi_dsub
    gps.o(.data) refers to gps.o(.conststring) for .conststring
    lcd.o(.text) refers to systick.o(.text) for SYSTICK_DelayMs
    lcd.o(.text) refers to gpio.o(.text) for DIO_voidSetPinValue
    led.o(.text) refers to gpio.o(.text) for DIO_voidSetPinDirection
    led.o(.text) refers to systick.o(.text) for SYSTICK_DelayMs
    switch.o(.text) refers to gpio.o(.text) for DIO_voidSetPinDirection
    systick.o(.text) refers to systick.o(.data) for SysTick_Callback
    __2sprintf.o(.text) refers to _printf_char_common.o(.text) for _printf_char_common
    __2sprintf.o(.text) refers to _sputc.o(.text) for _sputc
    noretval__2sprintf.o(.text) refers to _printf_char_common.o(.text) for _printf_char_common
    noretval__2sprintf.o(.text) refers to _sputc.o(.text) for _sputc
[...]
    ../clib/angel/boardlib.s                 0x00000000   Number         0  boardinit1.o ABSOLUTE
    ../clib/angel/boardlib.s                 0x00000000   Number         0  boardinit3.o ABSOLUTE
    ../clib/angel/boardlib.s                 0x00000000   Number         0  boardshut.o ABSOLUTE
    ../clib/angel/dczerorl2.s                0x00000000   Number         0  __dczerorl2.o ABSOLUTE
    ../clib/angel/handlers.s                 0x00000000   Number         0  __scatter_zi.o ABSOLUTE
    ../clib/angel/kernel.s                   0x00000000   Number         0  rtexit2.o ABSOLUTE
    ../clib/angel/kernel.s                   0x00000000   Number         0  rtentry4.o ABSOLUTE
    ../clib/angel/kernel.s                   0x00000000   Number         0  rtentry.o ABSOLUTE
    ../clib/angel/kernel.s                   0x00000000   Number         0  rtentry2.o ABSOLUTE
    ../clib/angel/kernel.s                   0x00000000   Number         0  rtexit.o ABSOLUTE
    ../clib/angel/rt.s                       0x00000000   Number         0  rt_raise.o ABSOLUTE
    ../clib/angel/rt.s                       0x00000000   Number         0  rt_errno_addr.o ABSOLUTE
    ../clib/angel/rt.s                       0x00000000   Number         0  rt_errno_addr_intlibspace.o ABSOLUTE
    ../clib/angel/scatter.s                  0x00000000   Number         0  __scatter.o ABSOLUTE
    ../clib/angel/startup.s                  0x00000000   Number         0  __main.o ABSOLUTE
    ../clib/angel/sys.s                      0x00000000   Number         0  sys_stackheap_outer.o ABSOLUTE
    ../clib/angel/sys.s                      0x00000000   Number         0  libspace.o ABSOLUTE
    ../clib/angel/sys.s                      0x00000000   Number         0  use_no_semi.o ABSOLUTE
    ../clib/angel/sys.s                      0x00000000   Number         0  indicate_semi.o ABSOLUTE
    ../clib/angel/sysapp.c                   0x00000000   Number         0  sys_wrch.o ABSOLUTE
    ../clib/angel/sysapp.c                   0x00000000   Number         0  sys_command.o ABSOLUTE
    ../clib/angel/sysapp.c                   0x00000000   Number         0  sys_exit.o ABSOLUTE
    ../clib/armsys.c                         0x00000000   Number         0  argv_veneer.o ABSOLUTE
    ../clib/armsys.c                         0x00000000   Number         0  argv_veneer.o ABSOLUTE
    ../clib/armsys.c                         0x00000000   Number         0  _get_argv_nomalloc.o ABSOLUTE
    ../clib/armsys.c                         0x00000000   Number         0  no_argv.o ABSOLUTE
    ../clib/fenv.c                           0x00000000   Number         0  _rserrno.o ABSOLUTE
    ../clib/heapalloc.c                      0x00000000   Number         0  hrguard.o ABSOLUTE
    ../clib/heapaux.c                        0x00000000   Number         0  heapauxi.o ABSOLUTE
    ../clib/libinit.s                        0x00000000   Number         0  libinit2.o ABSOLUTE
    ../clib/libinit.s                        0x00000000   Number         0  libinit.o ABSOLUTE
    ../clib/libinit.s                        0x00000000   Number         0  libshutdown.o ABSOLUTE
    ../clib/libinit.s                        0x00000000   Number         0  libshutdown2.o ABSOLUTE
    ../clib/memcpset.s                       0x00000000   Number         0  strncpy.o ABSOLUTE
    ../clib/memcpset.s                       0x00000000   Number         0  rt_memclr.o ABSOLUTE
    ../clib/memcpset.s                       0x00000000   Number         0  rt_memcpy_w.o ABSOLUTE
    ../clib/memcpset.s                       0x00000000   Number         0  rt_memclr_w.o ABSOLUTE
    ../clib/printf.c                         0x00000000   Number         0  __printf_flags_wp.o ABSOLUTE
    ../clib/printf.c                         0x00000000   Number         0  __printf_wp.o ABSOLUTE
    ../clib/printf.c                         0x00000000   Number         0  __printf_flags.o ABSOLUTE
    ../clib/printf.c                         0x00000000   Number         0  _printf_intcommon.o ABSOLUTE
    ../clib/printf.c                         0x00000000   Number         0  _printf_char_common.o ABSOLUTE
    ../clib/printf.c                         0x00000000   Number         0  __printf.o ABSOLUTE
    ../clib/printf.c                         0x00000000   Number         0  _sputc.o ABSOLUTE
    ../clib/printf.c                         0x00000000   Number         0  __2sprintf.o ABSOLUTE
    ../clib/printf.c                         0x00000000   Number         0  noretval__2sprintf.o ABSOLUTE
    ../clib/printf.c                         0x00000000   Number         0  __printf_ss.o ABSOLUTE
    ../clib/printf.c                         0x00000000   Number         0  __printf_ss_wp.o ABSOLUTE
    ../clib/printf.c                         0x00000000   Number         0  __printf_flags_ss_wp.o ABSOLUTE
    ../clib/printf.c                         0x00000000   Number         0  __printf_flags_ss.o ABSOLUTE
    ../clib/printf.c                         0x00000000   Number         0  _printf_dec.o ABSOLUTE
    ../clib/printf.c                         0x00000000   Number         0  __printf_nopercent.o ABSOLUTE
    ../clib/printf_percent.s                 0x00000000   Number         0  _printf_d.o ABSOLUTE
    ../clib/printf_percent.s                 0x00000000   Number         0  _printf_percent_end.o ABSOLUTE
    ../clib/printf_percent.s                 0x00000000   Number         0  _printf_percent.o ABSOLUTE
    ../clib/signal.c                         0x00000000   Number         0  defsig_pvfn_inner.o ABSOLUTE
    ../clib/signal.c                         0x00000000   Number         0  defsig_stak_inner.o ABSOLUTE
    ../clib/signal.c                         0x00000000   Number         0  defsig_other.o ABSOLUTE
    ../clib/signal.c                         0x00000000   Number         0  defsig_segv_inner.o ABSOLUTE
    ../clib/signal.c                         0x00000000   Number         0  __raise.o ABSOLUTE
    ../clib/signal.c                         0x00000000   Number         0  defsig_cppl_inner.o ABSOLUTE
    ../clib/signal.c                         0x00000000   Number         0  defsig_rtmem_formal.o ABSOLUTE
    ../clib/signal.c                         0x00000000   Number         0  defsig_rtmem_outer.o ABSOLUTE
    ../clib/signal.c                         0x00000000   Number         0  defsig_rtmem_inner.o ABSOLUTE
    ../clib/signal.c                         0x00000000   Number         0  defsig_general.o ABSOLUTE
    ../clib/signal.c                         0x00000000   Number         0  defsig_fpe_inner.o ABSOLUTE
    ../clib/signal.c                         0x00000000   Number         0  defsig_abrt_inner.o ABSOLUTE
    ../clib/signal.c                         0x00000000   Number         0  defsig_exit.o ABSOLUTE
    ../clib/signal.c                         0x00000000   Number         0  defsig_rtred_inner.o ABSOLUTE
    ../clib/signal.s                         0x00000000   Number         0  defsig.o ABSOLUTE
    ../clib/stdlib.c                         0x00000000   Number         0  exit.o ABSOLUTE
    ../clib/string.c                         0x00000000   Number         0  strchr.o ABSOLUTE
    ../clib/string.c                         0x00000000   Number         0  strlen.o ABSOLUTE
    ../fplib/basic.s                         0x00000000   Number         0  basic.o ABSOLUTE
    ../fplib/d2f.s                           0x00000000   Number         0  d2f.o ABSOLUTE
    ../fplib/daddsub.s                       0x00000000   Number         0  daddsub_clz.o ABSOLUTE
    ../fplib/dcheck1.s                       0x00000000   Number         0  dcheck1.o ABSOLUTE
    ../fplib/dcmpi.s                         0x00000000   Number         0  dcmpi.o ABSOLUTE
    ../fplib/ddiv.s                          0x00000000   Number         0  ddiv.o ABSOLUTE
    ../fplib/deqf.s                          0x00000000   Number         0  deqf.o ABSOLUTE
    ../fplib/dfix.s                          0x00000000   Number         0  dfix.o ABSOLUTE
    ../fplib/dflt.s                          0x00000000   Number         0  dflt_clz.o ABSOLUTE
    ../fplib/dleqf.s                         0x00000000   Number         0  dleqf.o ABSOLUTE
    ../fplib/dmul.s                          0x00000000   Number         0  dmul.o ABSOLUTE
    ../fplib/dnaninf.s                       0x00000000   Number         0  dnaninf.o ABSOLUTE
    ../fplib/dretinf.s                       0x00000000   Number         0  dretinf.o ABSOLUTE
    ../fplib/drleqf.s                        0x00000000   Number         0  drleqf.o ABSOLUTE
    ../fplib/dsqrt.s                         0x00000000   Number         0  dsqrt_umaal.o ABSOLUTE
    ../fplib/f2d.s                           0x00000000   Number         0  f2d.o ABSOLUTE
    ../fplib/fnaninf.s                       0x00000000   Number         0  fnaninf.o ABSOLUTE
    ../fplib/fpinit.s                        0x00000000   Number         0  fpinit.o ABSOLUTE
    ../fplib/fretinf.s                       0x00000000   Number         0  fretinf.o ABSOLUTE
    ../fplib/retnan.s                        0x00000000   Number         0  retnan.o ABSOLUTE
    ../fplib/scalbn.s                        0x00000000   Number         0  scalbn.o ABSOLUTE
    ../fplib/trapv.s                         0x00000000   Number         0  trapv.o ABSOLUTE
    ../fplib/usenofp.s                       0x00000000   Number         0  usenofp.o ABSOLUTE
    ../mathlib/atan.c                        0x00000000   Number         0  atan_x.o ABSOLUTE
    ../mathlib/atan.c                        0x00000000   Number         0  atan.o ABSOLUTE
    ../mathlib/atan2.c                       0x00000000   Number         0  atan2_x.o ABSOLUTE
    ../mathlib/atan2.c                       0x00000000   Number         0  atan2.o ABSOLUTE
    ../mathlib/cos.c                         0x00000000   Number         0  cos.o ABSOLUTE
    ../mathlib/cos.c                         0x00000000   Number         0  cos_x.o ABSOLUTE
    ../mathlib/cos_i.c                       0x00000000   Number         0  cos_i.o ABSOLUTE
    ../mathlib/dunder.c                      0x00000000   Number         0  dunder.o ABSOLUTE
    ../mathlib/fabs.c                        0x00000000   Number         0  fabs.o ABSOLUTE
    ../mathlib/fpclassify.c                  0x00000000   Number         0  fpclassify.o ABSOLUTE
    ../mathlib/poly.c                        0x00000000   Number         0  poly.o ABSOLUTE
    ../mathlib/pow.c                         0x00000000   Number         0  pow.o ABSOLUTE
    ../mathlib/pow.c                         0x00000000   Number         0  pow_x.o ABSOLUTE
    ../mathlib/qnan.c                        0x00000000   Number         0  qnan.o ABSOLUTE
    ../mathlib/rred.c                        0x00000000   Number         0  rred.o ABSOLUTE
    ../mathlib/sin.c                         0x00000000   Number         0  sin_x.o ABSOLUTE
    ../mathlib/sin.c                         0x00000000   Number         0  sin.o ABSOLUTE
    ../mathlib/sin_i.c                       0x00000000   Number         0  sin_i.o ABSOLUTE
    ../mathlib/sin_i.c                       0x00000000   Number         0  sin_i_x.o ABSOLUTE
    ../mathlib/sqrt.c                        0x00000000   Number         0  sqrt.o ABSOLUTE
    ../mathlib/sqrt.c                        0x00000000   Number         0  sqrt_x.o ABSOLUTE
    ..\Drivers\APP\Program.c                 0x00000000   Number         0  program.o ABSOLUTE
    ..\Drivers\APP\main.c                    0x00000000   Number         0  main.o ABSOLUTE
    ..\Drivers\HAL\GPS\GPS.c                 0x00000000   Number         0  gps.o ABSOLUTE
    ..\Drivers\HAL\LCD\LCD.c                 0x00000000   Number         0  lcd.o ABSOLUTE
    ..\Drivers\HAL\LED\LED.c                 0x00000000   Number         0  led.o ABSOLUTE
    ..\Drivers\HAL\SWITCH\SWITCH.c           0x00000000   Number         0  switch.o ABSOLUTE
    ..\Drivers\MCAL\ADC\ADC.c                0x00000000   Number         0  adc.o ABSOLUTE
    ..\Drivers\MCAL\EEPROM\EEPROM.c          0x00000000   Number         0  eeprom.o ABSOLUTE
    ..\Drivers\MCAL\GPIO\GPIO.c              0x00000000   Number         0  gpio.o ABSOLUTE
    ..\Drivers\MCAL\SYSTICK\SYSTICK.c        0x00000000   Number         0  systick.o ABSOLUTE
    ..\Drivers\MCAL\UART\UART.c              0x00000000   Number         0  uart.o ABSOLUTE
    dc.s                                     0x00000000   Number         0  dc.o ABSOLUTE
    startup_TM4C123.s                        0x00000000   Number         0  startup_tm4c123.o ABSOLUTE
    !!!main                                  0x0000026c   Section        8  __main.o(!!!main)
    !!!scatter                               0x00000274   Section       52  __scatter.o(!!!scatter)
    !!dczerorl2                              0x000002a8   Section       90  __dczerorl2.o(!!dczerorl2)
    !!handler_zi                             0x00000304   Section       28  __scatter_zi.o(!!handler_zi)
    .ARM.Collect$$_printf_percent$$00000000  0x00000320   Section        0  _printf_percent.o(.ARM.Collect$$_printf_percent$$00000000)
    .ARM.Collect$$_printf_percent$$00000009  0x00000320   Section        6  _printf_d.o(.ARM.Collect$$_printf_percent$$00000009)
    .ARM.Collect$$_printf_percent$$00000017  0x00000326   Section        4  _printf_percent_end.o(.ARM.Collect$$_printf_percent$$00000017)
    .ARM.Collect$$libinit$$00000000          0x0000032a   Section        2  libinit.o(.ARM.Collect$$libinit$$00000000)
    .ARM.Collect$$libinit$$00000001          0x0000032c   Section        4  libinit2.o(.ARM.Collect$$libinit$$00000001)
    .ARM.Collect$$libinit$$00000008          0x00000330   Section        0  libinit2.o(.ARM.Collect$$libinit$$00000008)
    .ARM.Collect$$libinit$$0000000A          0x00000330   Section        0  libinit2.o(.ARM.Collect$$libinit$$0000000A)
    .ARM.Collect$$libinit$$0000000C          0x00000330   Section        0  libinit2.o(.ARM.Collect$$libinit$$0000000C)
    .ARM.Collect$$libinit$$0000000F          0x00000330   Section        0  libinit2.o(.ARM.Collect$$libinit$$0000000F)
    .ARM.Collect$$libinit$$00000011          0x00000330   Section        0  libinit2.o(.ARM.Collect$$libinit$$00000011)
    .ARM.Collect$$libinit$$00000013          0x00000330   Section        0  libinit2.o(.ARM.Collect$$libinit$$00000013)
    .ARM.Collect$$libinit$$00000015          0x00000330   Section        0  libinit2.o(.ARM.Collect$$libinit$$00000015)
    .ARM.Collect$$libinit$$00000017          0x00000330   Section        0  libinit2.o(.ARM.Collect$$libinit$$00000017)
    .ARM.Collect$$libinit$$00000019          0x00000330   Section        0  libinit2.o(.ARM.Collect$$libinit$$00000019)
    .ARM.Collect$$libinit$$0000001B          0x00000330   Section        0  libinit2.o(.ARM.Collect$$libinit$$0000001B)
    .ARM.Collect$$libinit$$0000001D          0x00000330   Section        0  libinit2.o(.ARM.Collect$$libinit$$0000001D)
    .ARM.Collect$$libinit$$0000001F          0x00000330   Section        0  libinit2.o(.ARM.Collect$$libinit$$0000001F)
    .ARM.Collect$$libinit$$00000021          0x00000330   Section        0  libinit2.o(.ARM.Collect$$libinit$$00000021)
    .ARM.Collect$$libinit$$00000023          0x00000330   Section        0  libinit2.o(.ARM.Collect$$libinit$$00000023)
    .ARM.Collect$$libinit$$0000002A          0x00000330   Section        0  libinit2.o(.ARM.Collect$$libinit$$0000002A)
    .ARM.Collect$$libinit$$0000002C          0x00000330   Section        0  libinit2.o(.ARM.Collect$$libinit$$0000002C)
    .ARM.Collect$$libinit$$0000002E          0x00000330   Section        0  libinit2.o(.ARM.Collect$$libinit$$0000002E)
    .ARM.Collect$$libinit$$00000030          0x00000330   Section        0  libinit2.o(.ARM.Collect$$libinit$$00000030)
    .ARM.Collect$$libinit$$00000031          0x00000330   Section        2  libinit2.o(.ARM.Collect$$libinit$$00000031)
    .ARM.Collect$$libshutdown$$00000000      0x00000332   Section        2  libshutdown.o(.ARM.Collect$$libshutdown$$00000000)
    .ARM.Collect$$libshutdown$$00000003      0x00000334   Section        0  libshutdown2.o(.ARM.Collect$$libshutdown$$00000003)
    .ARM.Collect$$libshutdown$$00000006      0x00000334   Section        0  libshutdown2.o(.ARM.Collect$$libshutdown$$00000006)
    .ARM.Collect$$libshutdown$$00000009      0x00000334   Section        0  libshutdown2.o(.ARM.Collect$$libshutdown$$00000009)
    .ARM.Collect$$libshutdown$$0000000B      0x00000334   Section        0  libshutdown2.o(.ARM.Collect$$libshutdown$$0000000B)
    .ARM.Collect$$libshutdown$$0000000E      0x00000334   Section        0  libshutdown2.o(.ARM.Collect$$libshutdown$$0000000E)
    .ARM.Collect$$libshutdown$$0000000F      0x00000334   Section        2  libshutdown2.o(.ARM.Collect$$libshutdown$$0000000F)
    .ARM.Collect$$rtentry$$00000000          0x00000336   Section        0  rtentry.o(.ARM.Collect$$rtentry$$00000000)
    .ARM.Collect$$rtentry$$00000002          0x00000336   Section        0  rtentry2.o(.ARM.Collect$$rtentry$$00000002)
    .ARM.Collect$$rtentry$$00000004          0x00000336   Section        6  rtentry4.o(.ARM.Collect$$rtentry$$00000004)
    .ARM.Collect$$rtentry$$00000009          0x0000033c   Section        0  rtentry2.o(.ARM.Collect$$rtentry$$00000009)
    .ARM.Collect$$rtentry$$0000000A          0x0000033c   Section        4  rtentry2.o(.ARM.Collect$$rtentry$$0000000A)
    .ARM.Collect$$rtentry$$0000000C          0x00000340   Section        0  rtentry2.o(.ARM.Collect$$rtentry$$0000000C)
    .ARM.Collect$$rtentry$$0000000D          0x00000340   Section        8  rtentry2.o(.ARM.Collect$$rtentry$$0000000D)
    .ARM.Collect$$rtexit$$00000000           0x00000348   Section        2  rtexit.o(.ARM.Collect$$rtexit$$00000000)
    .ARM.Collect$$rtexit$$00000002           0x0000034a   Section        0  rtexit2.o(.ARM.Collect$$rtexit$$00000002)
    .ARM.Collect$$rtexit$$00000003           0x0000034a   Section        4  rtexit2.o(.ARM.Collect$$rtexit$$00000003)
    .ARM.Collect$$rtexit$$00000004           0x0000034e   Section        6  rtexit2.o(.ARM.Collect$$rtexit$$00000004)
    .text                                    0x00000354   Section      288  startup_tm4c123.o(.text)
    $v0                                      0x00000354   Number         0  startup_tm4c123.o(.text)
    .text                                    0x00000474   Section        0  main.o(.text)
    .text                                    0x00000698   Section        0  program.o(.text)
    .text                                    0x000015f4   Section        0  gps.o(.text)
    .text                                    0x00002044   Section        0  lcd.o(.text)
    LCD_Pulse_Enable                         0x00002045   Thumb Code    42  lcd.o(.text)
    LCD_SendByte                             0x0000206f   Thumb Code   142  lcd.o(.text)
    .text                                    0x0000222e   Section        0  led.o(.text)
    .text                                    0x00002378   Section        0  switch.o(.text)
    .text                                    0x000023a4   Section        0  adc.o(.text)
    .text                                    0x00002468   Section        0  gpio.o(.text)
    .text                                    0x00002b4c   Section        0  systick.o(.text)
    .text                                    0x00002b98   Section        0  uart.o(.text)
    .text                                    0x00002e70   Section        0  noretval__2sprintf.o(.text)
    .text                                    0x00002e98   Section        0  __printf.o(.text)
    .text                                    0x00002f00   Section        0  _printf_dec.o(.text)
    .text                                    0x00002f78   Section        0  strchr.o(.text)
    .text                                    0x00002f8c   Section        0  strlen.o(.text)
    .text                                    0x00002fca   Section      100  rt_memcpy_w.o(.text)
    .text                                    0x0000302e   Section       86  strncpy.o(.text)
    .text                                    0x00003084   Section        0  heapauxi.o(.text)
    .text                                    0x0000308a   Section        0  _rserrno.o(.text)
    .text                                    0x000030a0   Section        0  _printf_intcommon.o(.text)
    .text                                    0x00003158   Section        0  _printf_char_common.o(.text)
    _printf_input_char                       0x00003159   Thumb Code    10  _printf_char_common.o(.text)
    .text                                    0x00003188   Section        0  _sputc.o(.text)
    .text                                    0x00003192   Section       68  rt_memclr.o(.text)
    .text                                    0x000031d8   Section        8  rt_errno_addr_intlibspace.o(.text)
    .text                                    0x000031e0   Section       78  rt_memclr_w.o(.text)
    .text                                    0x00003230   Section        8  libspace.o(.text)
    .text                                    0x00003238   Section       74  sys_stackheap_outer.o(.text)
    .text                                    0x00003282   Section        0  exit.o(.text)
    .text                                    0x00003290   Section        0  sys_exit.o(.text)
    .text                                    0x0000329c   Section        2  use_no_semi.o(.text)
    .text                                    0x0000329e   Section        0  indicate_semi.o(.text)
    i.__ARM_fpclassify                       0x0000329e   Section        0  fpclassify.o(i.__ARM_fpclassify)
    i.__hardfp_atan                          0x000032d0   Section        0  atan.o(i.__hardfp_atan)
    i.__hardfp_atan2                         0x000035b8   Section        0  atan2.o(i.__hardfp_atan2)
    i.__hardfp_cos                           0x00003798   Section        0  cos.o(i.__hardfp_cos)
    i.__hardfp_pow                           0x00003870   Section        0  pow.o(i.__hardfp_pow)
    i.__hardfp_sin                           0x00004500   Section        0  sin.o(i.__hardfp_sin)
    i.__hardfp_sqrt                          0x000045d8   Section        0  sqrt.o(i.__hardfp_sqrt)
    i.__ieee754_rem_pio2                     0x00004658   Section        0  rred.o(i.__ieee754_rem_pio2)
    i.__kernel_cos                           0x00004ab0   Section        0  cos_i.o(i.__kernel_cos)
    i.__kernel_poly                          0x00004c20   Section        0  poly.o(i.__kernel_poly)
    i.__kernel_sin                           0x00004d18   Section        0  sin_i.o(i.__kernel_sin)
    i.__mathlib_dbl_underflow                0x00004e48   Section        0  dunder.o(i.__mathlib_dbl_underflow)
    i.atan                                   0x00004e68   Section        0  atan.o(i.atan)
    i.fabs                                   0x00004e78   Section        0  fabs.o(i.fabs)
    i.sqrt                                   0x00004e98   Section        0  sqrt.o(i.sqrt)
    x$fpl$basic                              0x00004f06   Section       24  basic.o(x$fpl$basic)
    $v0                                      0x00004f06   Number         0  basic.o(x$fpl$basic)
    x$fpl$d2f                                0x00004f20   Section       98  d2f.o(x$fpl$d2f)
    $v0                                      0x00004f20   Number         0  d2f.o(x$fpl$d2f)
    x$fpl$dadd                               0x00004f84   Section      336  daddsub_clz.o(x$fpl$dadd)
    $v0                                      0x00004f84   Number         0  daddsub_clz.o(x$fpl$dadd)
    _dadd1                                   0x00004f95   Thumb Code     0  daddsub_clz.o(x$fpl$dadd)
    x$fpl$dcheck1                            0x000050d4   Section       16  dcheck1.o(x$fpl$dcheck1)
    $v0                                      0x000050d4   Number         0  dcheck1.o(x$fpl$dcheck1)
    x$fpl$dcmpinf                            0x000050e4   Section       24  dcmpi.o(x$fpl$dcmpinf)
    $v0                                      0x000050e4   Number         0  dcmpi.o(x$fpl$dcmpinf)
    x$fpl$ddiv                               0x000050fc   Section      688  ddiv.o(x$fpl$ddiv)
    $v0                                      0x000050fc   Number         0  ddiv.o(x$fpl$ddiv)
    ddiv_entry                               0x00005103   Thumb Code     0  ddiv.o(x$fpl$ddiv)
    x$fpl$deqf                               0x000053ac   Section      120  deqf.o(x$fpl$deqf)
    $v0                                      0x000053ac   Number         0  deqf.o(x$fpl$deqf)
    x$fpl$dfix                               0x00005424   Section       94  dfix.o(x$fpl$dfix)
    $v0                                      0x00005424   Number         0  dfix.o(x$fpl$dfix)
    x$fpl$dflt                               0x00005482   Section       46  dflt_clz.o(x$fpl$dflt)
    $v0                                      0x00005482   Number         0  dflt_clz.o(x$fpl$dflt)
    x$fpl$dfltu                              0x000054b0   Section       38  dflt_clz.o(x$fpl$dfltu)
    $v0                                      0x000054b0   Number         0  dflt_clz.o(x$fpl$dfltu)
    x$fpl$dleqf                              0x000054d8   Section      120  dleqf.o(x$fpl$dleqf)
    $v0                                      0x000054d8   Number         0  dleqf.o(x$fpl$dleqf)
    x$fpl$dmul                               0x00005550   Section      340  dmul.o(x$fpl$dmul)
    $v0                                      0x00005550   Number         0  dmul.o(x$fpl$dmul)
    x$fpl$dnaninf                            0x000056a4   Section      156  dnaninf.o(x$fpl$dnaninf)
    $v0                                      0x000056a4   Number         0  dnaninf.o(x$fpl$dnaninf)
    x$fpl$dretinf                            0x00005740   Section       12  dretinf.o(x$fpl$dretinf)
    $v0                                      0x00005740   Number         0  dretinf.o(x$fpl$dretinf)
    x$fpl$drleqf                             0x0000574c   Section      108  drleqf.o(x$fpl$drleqf)
    $v0                                      0x0000574c   Number         0  drleqf.o(x$fpl$drleqf)
    x$fpl$drsb                               0x000057b8   Section       22  daddsub_clz.o(x$fpl$drsb)
    $v0                                      0x000057b8   Number         0  daddsub_clz.o(x$fpl$drsb)
    x$fpl$dsqrt                              0x000057d0   Section      408  dsqrt_umaal.o(x$fpl$dsqrt)
    $v0                                      0x000057d0   Number         0  dsqrt_umaal.o(x$fpl$dsqrt)
    x$fpl$dsub                               0x00005968   Section      468  daddsub_clz.o(x$fpl$dsub)
    $v0                                      0x00005968   Number         0  daddsub_clz.o(x$fpl$dsub)
    _dsub1                                   0x00005979   Thumb Code     0  daddsub_clz.o(x$fpl$dsub)
    x$fpl$f2d                                0x00005b3c   Section       86  f2d.o(x$fpl$f2d)
    $v0                                      0x00005b3c   Number         0  f2d.o(x$fpl$f2d)
    x$fpl$fnaninf                            0x00005b92   Section      140  fnaninf.o(x$fpl$fnaninf)
    $v0                                      0x00005b92   Number         0  fnaninf.o(x$fpl$fnaninf)
    x$fpl$fpinit                             0x00005c1e   Section       10  fpinit.o(x$fpl$fpinit)
    $v0                                      0x00005c1e   Number         0  fpinit.o(x$fpl$fpinit)
    x$fpl$fretinf                            0x00005c28   Section       10  fretinf.o(x$fpl$fretinf)
    $v0                                      0x00005c28   Number         0  fretinf.o(x$fpl$fretinf)
    x$fpl$retnan                             0x00005c32   Section      100  retnan.o(x$fpl$retnan)
    $v0                                      0x00005c32   Number         0  retnan.o(x$fpl$retnan)
    x$fpl$scalbn                             0x00005c96   Section       92  scalbn.o(x$fpl$scalbn)
    $v0                                      0x00005c96   Number         0  scalbn.o(x$fpl$scalbn)
    x$fpl$trapveneer                         0x00005cf2   Section       48  trapv.o(x$fpl$trapveneer)
    $v0                                      0x00005cf2   Number         0  trapv.o(x$fpl$trapveneer)
    .constdata                               0x00005d22   Section        7  gps.o(.constdata)
    x$fpl$usenofp                            0x00005d22   Section        0  usenofp.o(x$fpl$usenofp)
    .constdata                               0x00005d30   Section      136  pow.o(.constdata)
    bp                                       0x00005d30   Data          16  pow.o(.constdata)
    dp_h                                     0x00005d40   Data          16  pow.o(.constdata)
    dp_l                                     0x00005d50   Data          16  pow.o(.constdata)
    L                                        0x00005d60   Data          48  pow.o(.constdata)
    P                                        0x00005d90   Data          40  pow.o(.constdata)
    .constdata                               0x00005db8   Section      152  atan.o(.constdata)
    atanhi                                   0x00005db8   Data          32  atan.o(.constdata)
    atanlo                                   0x00005dd8   Data          32  atan.o(.constdata)
    aTodd                                    0x00005df8   Data          40  atan.o(.constdata)
    aTeven                                   0x00005e20   Data          48  atan.o(.constdata)
    .constdata                               0x00005e50   Section       48  cos_i.o(.constdata)
    C                                        0x00005e50   Data          48  cos_i.o(.constdata)
    .constdata                               0x00005e80   Section        8  qnan.o(.constdata)
    .constdata                               0x00005e88   Section      200  rred.o(.constdata)
    pio2s                                    0x00005e88   Data          48  rred.o(.constdata)
    twooverpi                                0x00005eb8   Data         152  rred.o(.constdata)
    .constdata                               0x00005f50   Section       40  sin_i.o(.constdata)
    S                                        0x00005f50   Data          40  sin_i.o(.constdata)
    .conststring                             0x00005f78   Section       61  gps.o(.conststring)
    .data                                    0x20000000   Section       22  main.o(.data)
    buttonState                              0x20000000   Data           1  main.o(.data)
    debounceCounter                          0x20000001   Data           1  main.o(.data)
    buttonState2                             0x20000002   Data           1  main.o(.data)
    debounceCounter2                         0x20000003   Data           1  main.o(.data)
    .data                                    0x20000018   Section       48  program.o(.data)
    seed                                     0x20000030   Data           4  program.o(.data)
    .data                                    0x20000048   Section      420  gps.o(.data)
    .data                                    0x200001ec   Section        4  systick.o(.data)
    .bss                                     0x200001f0   Section       48  program.o(.bss)
    .bss                                     0x20000220   Section      140  gps.o(.bss)
    .bss                                     0x200002ac   Section       96  libspace.o(.bss)
    HEAP                                     0x20000310   Section        0  startup_tm4c123.o(HEAP)
    STACK                                    0x20000310   Section      512  startup_tm4c123.o(STACK)
    Heap_Mem                                 0x20000310   Data           0  startup_tm4c123.o(HEAP)
    Stack_Mem                                0x20000310   Data         512  startup_tm4c123.o(STACK)
    __initial_sp                             0x20000510   Data           0  startup_tm4c123.o(STACK)

    Global Symbols

    Symbol Name                              Value     Ov Type        Size  Object(Section)

    BuildAttributes$$THM_ISAv4$E$P$D$K$B$S$7EM$VFPi3$EXTD16$VFPS$VFMA$PE$A:L22UL41UL21$X:L11$S22US41US21$IEEE1$IW$USESV6$~STKCKD$USESV7$~SHL$OTIME$ROPI$IEEEX$EBA8$UX$STANDARDLIB$REQ8$PRES8$EABIv2 0x00000000   Number         0  anon$$obj.o ABSOLUTE
    __ARM_use_no_argv                        0x00000000   Number         0  main.o ABSOLUTE
    __Vectors                                0x00000000   Data           4  startup_tm4c123.o(RESET)
    __ARM_exceptions_init                     - Undefined Weak Reference
    __alloca_initialize                       - Undefined Weak Reference
    __cpp_initialize__aeabi_                  - Undefined Weak Reference
    __cxa_finalize                            - Undefined Weak Reference
    __rt_locale                               - Undefined Weak Reference
    __sigvec_lookup                           - Undefined Weak Reference
    _atexit_init                              - Undefined Weak Reference
    _call_atexit_fns                          - Undefined Weak Reference
    _clock_init                               - Undefined Weak Reference
    _fp_trap_init                             - Undefined Weak Reference
    _fp_trap_shutdown                         - Undefined Weak Reference
    _get_lc_collate                           - Undefined Weak Reference
    _get_lc_ctype                             - Undefined Weak Reference
    _get_lc_monetary                          - Undefined Weak Reference
    _get_lc_numeric                           - Undefined Weak Reference
    _get_lc_time                              - Undefined Weak Reference
    _getenv_init                              - Undefined Weak Reference
    _handle_redirection                       - Undefined Weak Reference
    _init_alloc                               - Undefined Weak Reference
    _init_user_alloc                          - Undefined Weak Reference
    _initio                                   - Undefined Weak Reference
    _printf_post_padding                      - Undefined Weak Reference
    _printf_pre_padding                       - Undefined Weak Reference
    _printf_truncate_signed                   - Undefined Weak Reference
    _printf_truncate_unsigned                 - Undefined Weak Reference
    _rand_init                                - Undefined Weak Reference
    _signal_finish                            - Undefined Weak Reference
    _signal_init                              - Undefined Weak Reference
    _terminate_alloc                          - Undefined Weak Reference
    _terminate_user_alloc                     - Undefined Weak Reference
    _terminateio                              - Undefined Weak Reference
    __Vectors_End                            0x0000026c   Data           0  startup_tm4c123.o(RESET)
    __Vectors_Size                           0x0000026c   Number         0  startup_tm4c123.o ABSOLUTE
    __main                                   0x0000026d   Thumb Code     8  __main.o(!!!main)
    __scatterload                            0x00000275   Thumb Code     0  __scatter.o(!!!scatter)
    __scatterload_rt2                        0x00000275   Thumb Code    44  __scatter.o(!!!scatter)
    __scatterload_rt2_thumb_only             0x00000275   Thumb Code     0  __scatter.o(!!!scatter)
    __scatterload_null                       0x00000283   Thumb Code     0  __scatter.o(!!!scatter)
    __decompress                             0x000002a9   Thumb Code    90  __dczerorl2.o(!!dczerorl2)
    __decompress1                            0x000002a9   Thumb Code     0  __dczerorl2.o(!!dczerorl2)
    __scatterload_zeroinit                   0x00000305   Thumb Code    28  __scatter_zi.o(!!handler_zi)
    _printf_d                                0x00000321   Thumb Code     0  _printf_d.o(.ARM.Collect$$_printf_percent$$00000009)
    _printf_percent                          0x00000321   Thumb Code     0  _printf_percent.o(.ARM.Collect$$_printf_percent$$00000000)
    _printf_percent_end                      0x00000327   Thumb Code     0  _printf_percent_end.o(.ARM.Collect$$_printf_percent$$00000017)
    __rt_lib_init                            0x0000032b   Thumb Code     0  libinit.o(.ARM.Collect$$libinit$$00000000)
    __rt_lib_init_fp_1                       0x0000032d   Thumb Code     0  libinit2.o(.ARM.Collect$$libinit$$00000001)
    __rt_lib_init_alloca_1                   0x00000331   Thumb Code     0  libinit2.o(.ARM.Collect$$libinit$$0000002C)
    __rt_lib_init_argv_1                     0x00000331   Thumb Code     0  libinit2.o(.ARM.Collect$$libinit$$0000002A)
    __rt_lib_init_atexit_1                   0x00000331   Thumb Code     0  libinit2.o(.ARM.Collect$$libinit$$00000019)
    __rt_lib_init_clock_1                    0x00000331   Thumb Code     0  libinit2.o(.ARM.Collect$$libinit$$0000001F)
    __rt_lib_init_cpp_1                      0x00000331   Thumb Code     0  libinit2.o(.ARM.Collect$$libinit$$00000030)
    __rt_lib_init_exceptions_1               0x00000331   Thumb Code     0  libinit2.o(.ARM.Collect$$libinit$$0000002E)
    __rt_lib_init_fp_trap_1                  0x00000331   Thumb Code     0  libinit2.o(.ARM.Collect$$libinit$$0000001D)
    __rt_lib_init_getenv_1                   0x00000331   Thumb Code     0  libinit2.o(.ARM.Collect$$libinit$$00000021)
    __rt_lib_init_heap_1                     0x00000331   Thumb Code     0  libinit2.o(.ARM.Collect$$libinit$$00000008)
    __rt_lib_init_lc_collate_1               0x00000331   Thumb Code     0  libinit2.o(.ARM.Collect$$libinit$$0000000F)
    __rt_lib_init_lc_ctype_1                 0x00000331   Thumb Code     0  libinit2.o(.ARM.Collect$$libinit$$00000011)
    __rt_lib_init_lc_monetary_1              0x00000331   Thumb Code     0  libinit2.o(.ARM.Collect$$libinit$$00000013)
    __rt_lib_init_lc_numeric_1               0x00000331   Thumb Code     0  libinit2.o(.ARM.Collect$$libinit$$00000015)
    __rt_lib_init_lc_time_1                  0x00000331   Thumb Code     0  libinit2.o(.ARM.Collect$$libinit$$00000017)
    __rt_lib_init_rand_1                     0x00000331   Thumb Code     0  libinit2.o(.ARM.Collect$$libinit$$0000000C)
    __rt_lib_init_return                     0x00000331   Thumb Code     0  libinit2.o(.ARM.Collect$$libinit$$00000031)
    __rt_lib_init_signal_1                   0x00000331   Thumb Code     0  libinit2.o(.ARM.Collect$$libinit$$0000001B)
    __rt_lib_init_stdio_1                    0x00000331   Thumb Code     0  libinit2.o(.ARM.Collect$$libinit$$00000023)
    __rt_lib_init_user_alloc_1               0x00000331   Thumb Code     0  libinit2.o(.ARM.Collect$$libinit$$0000000A)
    __rt_lib_shutdown                        0x00000333   Thumb Code     0  libshutdown.o(.ARM.Collect$$libshutdown$$00000000)
    __rt_lib_shutdown_fp_trap_1              0x00000335   Thumb Code     0  libshutdown2.o(.ARM.Collect$$libshutdown$$00000006)
    __rt_lib_shutdown_heap_1                 0x00000335   Thumb Code     0  libshutdown2.o(.ARM.Collect$$libshutdown$$0000000E)
    __rt_lib_shutdown_return                 0x00000335   Thumb Code     0  libshutdown2.o(.ARM.Collect$$libshutdown$$0000000F)
    __rt_lib_shutdown_signal_1               0x00000335   Thumb Code     0  libshutdown2.o(.ARM.Collect$$libshutdown$$00000009)
    __rt_lib_shutdown_stdio_1                0x00000335   Thumb Code     0  libshutdown2.o(.ARM.Collect$$libshutdown$$00000003)
    __rt_lib_shutdown_user_alloc_1           0x00000335   Thumb Code     0  libshutdown2.o(.ARM.Collect$$libshutdown$$0000000B)
    __rt_entry                               0x00000337   Thumb Code     0  rtentry.o(.ARM.Collect$$rtentry$$00000000)
    __rt_entry_presh_1                       0x00000337   Thumb Code     0  rtentry2.o(.ARM.Collect$$rtentry$$00000002)
    __rt_entry_sh                            0x00000337   Thumb Code     0  rtentry4.o(.ARM.Collect$$rtentry$$00000004)
    __rt_entry_li                            0x0000033d   Thumb Code     0  rtentry2.o(.ARM.Collect$$rtentry$$0000000A)
    __rt_entry_postsh_1                      0x0000033d   Thumb Code     0  rtentry2.o(.ARM.Collect$$rtentry$$00000009)
    __rt_entry_main                          0x00000341   Thumb Code     0  rtentry2.o(.ARM.Collect$$rtentry$$0000000D)
    __rt_entry_postli_1                      0x00000341   Thumb Code     0  rtentry2.o(.ARM.Collect$$rtentry$$0000000C)
    __rt_exit                                0x00000349   Thumb Code     0  rtexit.o(.ARM.Collect$$rtexit$$00000000)
    __rt_exit_ls                             0x0000034b   Thumb Code     0  rtexit2.o(.ARM.Collect$$rtexit$$00000003)
    __rt_exit_prels_1                        0x0000034b   Thumb Code     0  rtexit2.o(.ARM.Collect$$rtexit$$00000002)
    __rt_exit_exit                           0x0000034f   Thumb Code     0  rtexit2.o(.ARM.Collect$$rtexit$$00000004)
    Reset_Handler                            0x00000355   Thumb Code    22  startup_tm4c123.o(.text)
    NMI_Handler                              0x0000036b   Thumb Code     2  startup_tm4c123.o(.text)
    HardFault_Handler                        0x0000036d   Thumb Code     2  startup_tm4c123.o(.text)
    MemManage_Handler                        0x0000036f   Thumb Code     2  startup_tm4c123.o(.text)
    BusFault_Handler                         0x00000371   Thumb Code     2  startup_tm4c123.o(.text)
    UsageFault_Handler                       0x00000373   Thumb Code     2  startup_tm4c123.o(.text)
    SVC_Handler                              0x00000375   Thumb Code     2  startup_tm4c123.o(.text)
    DebugMon_Handler                         0x00000377   Thumb Code     2  startup_tm4c123.o(.text)
    PendSV_Handler                           0x00000379   Thumb Code     2  startup_tm4c123.o(.text)
    GPIOA_Handler                            0x0000037d   Thumb Code     2  startup_tm4c123.o(.text)
    GPIOB_Handler                            0x0000037f   Thumb Code     2  startup_tm4c123.o(.text)
    GPIOC_Handler                            0x00000381   Thumb Code     2  startup_tm4c123.o(.text)
    GPIOD_Handler                            0x00000383   Thumb Code     2  startup_tm4c123.o(.text)
    GPIOE_Handler                            0x00000385   Thumb Code     2  startup_tm4c123.o(.text)
    UART0_Handler                            0x00000387   Thumb Code     2  startup_tm4c123.o(.text)
    UART1_Handler                            0x00000389   Thumb Code     2  startup_tm4c123.o(.text)
    SSI0_Handler                             0x0000038b   Thumb Code     2  startup_tm4c123.o(.text)
    I2C0_Handler                             0x0000038d   Thumb Code     2  startup_tm4c123.o(.text)
    PMW0_FAULT_Handler                       0x0000038f   Thumb Code     2  startup_tm4c123.o(.text)
    PWM0_0_Handler                           0x00000391   Thumb Code     2  startup_tm4c123.o(.text)
    PWM0_1_Handler                           0x00000393   Thumb Code     2  startup_tm4c123.o(.text)
    PWM0_2_Handler                           0x00000395   Thumb Code     2  startup_tm4c123.o(.text)
    QEI0_Handler                             0x00000397   Thumb Code     2  startup_tm4c123.o(.text)
    ADC0SS0_Handler                          0x00000399   Thumb Code     2  startup_tm4c123.o(.text)
    ADC0SS1_Handler                          0x0000039b   Thumb Code     2  startup_tm4c123.o(.text)
    ADC0SS2_Handler                          0x0000039d   Thumb Code     2  startup_tm4c123.o(.text)
    ADC0SS3_Handler                          0x0000039f   Thumb Code     2  startup_tm4c123.o(.text)
    WDT0_Handler                             0x000003a1   Thumb Code     2  startup_tm4c123.o(.text)
    TIMER0A_Handler                          0x000003a3   Thumb Code     2  startup_tm4c123.o(.text)
    TIMER0B_Handler                          0x000003a5   Thumb Code     2  startup_tm4c123.o(.text)
    TIMER1A_Handler                          0x000003a7   Thumb Code     2  startup_tm4c123.o(.text)
    TIMER1B_Handler                          0x000003a9   Thumb Code     2  startup_tm4c123.o(.text)
    TIMER2A_Handler                          0x000003ab   Thumb Code     2  startup_tm4c123.o(.text)
    TIMER2B_Handler                          0x000003ad   Thumb Code     2  startup_tm4c123.o(.text)
    COMP0_Handler                            0x000003af   Thumb Code     2  startup_tm4c123.o(.text)
    COMP1_Handler                            0x000003b1   Thumb Code     2  startup_tm4c123.o(.text)
    COMP2_Handler                            0x000003b3   Thumb Code     2  startup_tm4c123.o(.text)
    SYSCTL_Handler                           0x000003b5   Thumb Code     2  startup_tm4c123.o(.text)
    FLASH_Handler                            0x000003b7   Thumb Code     2  startup_tm4c123.o(.text)
    GPIOF_Handler                            0x000003b9   Thumb Code     2  startup_tm4c123.o(.text)
    GPIOG_Handler                            0x000003bb   Thumb Code     2  startup_tm4c123.o(.text)
    GPIOH_Handler                            0x000003bd   Thumb Code     2  startup_tm4c123.o(.text)
    UART2_Handler                            0x000003bf   Thumb Code     2  startup_tm4c123.o(.text)
    SSI1_Handler                             0x000003c1   Thumb Code     2  startup_tm4c123.o(.text)
    TIMER3A_Handler                          0x000003c3   Thumb Code     2  startup_tm4c123.o(.text)
    TIMER3B_Handler                          0x000003c5   Thumb Code     2  startup_tm4c123.o(.text)
    I2C1_Handler                             0x000003c7   Thumb Code     2  startup_tm4c123.o(.text)
    QEI1_Handler                             0x000003c9   Thumb Code     2  startup_tm4c123.o(.text)
    CAN0_Handler                             0x000003cb   Thumb Code     2  startup_tm4c123.o(.text)
    CAN1_Handler                             0x000003cd   Thumb Code     2  startup_tm4c123.o(.text)
    CAN2_Handler                             0x000003cf   Thumb Code     2  startup_tm4c123.o(.text)
    HIB_Handler                              0x000003d1   Thumb Code     2  startup_tm4c123.o(.text)
    USB0_Handler                             0x000003d3   Thumb Code     2  startup_tm4c123.o(.text)
    PWM0_3_Handler                           0x000003d5   Thumb Code     2  startup_tm4c123.o(.text)
    UDMA_Handler                             0x000003d7   Thumb Code     2  startup_tm4c123.o(.text)
    UDMAERR_Handler                          0x000003d9   Thumb Code     2  startup_tm4c123.o(.text)
    ADC1SS0_Handler                          0x000003db   Thumb Code     2  startup_tm4c123.o(.text)
    ADC1SS1_Handler                          0x000003dd   Thumb Code     2  startup_tm4c123.o(.text)
    ADC1SS2_Handler                          0x000003df   Thumb Code     2  startup_tm4c123.o(.text)
    ADC1SS3_Handler                          0x000003e1   Thumb Code     2  startup_tm4c123.o(.text)
    GPIOJ_Handler                            0x000003e3   Thumb Code     2  startup_tm4c123.o(.text)
    GPIOK_Handler                            0x000003e5   Thumb Code     2  startup_tm4c123.o(.text)
    GPIOL_Handler                            0x000003e7   Thumb Code     2  startup_tm4c123.o(.text)
    SSI2_Handler                             0x000003e9   Thumb Code     2  startup_tm4c123.o(.text)
    SSI3_Handler                             0x000003eb   Thumb Code     2  startup_tm4c123.o(.text)
    UART3_Handler                            0x000003ed   Thumb Code     2  startup_tm4c123.o(.text)
    UART4_Handler                            0x000003ef   Thumb Code     2  startup_tm4c123.o(.text)
    UART5_Handler                            0x000003f1   Thumb Code     2  startup_tm4c123.o(.text)
    UART6_Handler                            0x000003f3   Thumb Code     2  startup_tm4c123.o(.text)
    UART7_Handler                            0x000003f5   Thumb Code     2  startup_tm4c123.o(.text)
    I2C2_Handler                             0x000003f7   Thumb Code     2  startup_tm4c123.o(.text)
    I2C3_Handler                             0x000003f9   Thumb Code     2  startup_tm4c123.o(.text)
    TIMER4A_Handler                          0x000003fb   Thumb Code     2  startup_tm4c123.o(.text)
    TIMER4B_Handler                          0x000003fd   Thumb Code     2  startup_tm4c123.o(.text)
    TIMER5A_Handler                          0x000003ff   Thumb Code     2  startup_tm4c123.o(.text)
    TIMER5B_Handler                          0x00000401   Thumb Code     2  startup_tm4c123.o(.text)
    WTIMER0A_Handler                         0x00000403   Thumb Code     2  startup_tm4c123.o(.text)
    WTIMER0B_Handler                         0x00000405   Thumb Code     2  startup_tm4c123.o(.text)
    WTIMER1A_Handler                         0x00000407   Thumb Code     2  startup_tm4c123.o(.text)
    WTIMER1B_Handler                         0x00000409   Thumb Code     2  startup_tm4c123.o(.text)
    WTIMER2A_Handler                         0x0000040b   Thumb Code     2  startup_tm4c123.o(.text)
    WTIMER2B_Handler                         0x0000040d   Thumb Code     2  startup_tm4c123.o(.text)
    WTIMER3A_Handler                         0x0000040f   Thumb Code     2  startup_tm4c123.o(.text)
    WTIMER3B_Handler                         0x00000411   Thumb Code     2  startup_tm4c123.o(.text)
    WTIMER4A_Handler                         0x00000413   Thumb Code     2  startup_tm4c123.o(.text)
    WTIMER4B_Handler                         0x00000415   Thumb Code     2  startup_tm4c123.o(.text)
    WTIMER5A_Handler                         0x00000417   Thumb Code     2  startup_tm4c123.o(.text)
    WTIMER5B_Handler                         0x00000419   Thumb Code     2  startup_tm4c123.o(.text)
    FPU_Handler                              0x0000041b   Thumb Code     2  startup_tm4c123.o(.text)
    I2C4_Handler                             0x0000041d   Thumb Code     2  startup_tm4c123.o(.text)
    I2C5_Handler                             0x0000041f   Thumb Code     2  startup_tm4c123.o(.text)
    GPIOM_Handler                            0x00000421   Thumb Code     2  startup_tm4c123.o(.text)
    GPION_Handler                            0x00000423   Thumb Code     2  startup_tm4c123.o(.text)
    QEI2_Handler                             0x00000425   Thumb Code     2  startup_tm4c123.o(.text)
    GPIOP0_Handler                           0x00000427   Thumb Code     2  startup_tm4c123.o(.text)
    GPIOP1_Handler                           0x00000429   Thumb Code     2  startup_tm4c123.o(.text)
    GPIOP2_Handler                           0x0000042b   Thumb Code     2  startup_tm4c123.o(.text)
    GPIOP3_Handler                           0x0000042d   Thumb Code     2  startup_tm4c123.o(.text)
    GPIOP4_Handler                           0x0000042f   Thumb Code     2  startup_tm4c123.o(.text)
    GPIOP5_Handler                           0x00000431   Thumb Code     2  startup_tm4c123.o(.text)
    GPIOP6_Handler                           0x00000433   Thumb Code     2  startup_tm4c123.o(.text)
    GPIOP7_Handler                           0x00000435   Thumb Code     2  startup_tm4c123.o(.text)
    GPIOQ0_Handler                           0x00000437   Thumb Code     2  startup_tm4c123.o(.text)
    GPIOQ1_Handler                           0x00000439   Thumb Code     2  startup_tm4c123.o(.text)
    GPIOQ2_Handler                           0x0000043b   Thumb Code     2  startup_tm4c123.o(.text)
    GPIOQ3_Handler                           0x0000043d   Thumb Code     2  startup_tm4c123.o(.text)
    GPIOQ4_Handler                           0x0000043f   Thumb Code     2  startup_tm4c123.o(.text)
    GPIOQ5_Handler                           0x00000441   Thumb Code     2  startup_tm4c123.o(.text)
    GPIOQ6_Handler                           0x00000443   Thumb Code     2  startup_tm4c123.o(.text)
    GPIOQ7_Handler                           0x00000445   Thumb Code     2  startup_tm4c123.o(.text)
    GPIOR_Handler                            0x00000447   Thumb Code     2  startup_tm4c123.o(.text)
    GPIOS_Handler                            0x00000449   Thumb Code     2  startup_tm4c123.o(.text)
    PMW1_0_Handler                           0x0000044b   Thumb Code     2  startup_tm4c123.o(.text)
    PWM1_1_Handler                           0x0000044d   Thumb Code     2  startup_tm4c123.o(.text)
    PWM1_2_Handler                           0x0000044f   Thumb Code     2  startup_tm4c123.o(.text)
    PWM1_3_Handler                           0x00000451   Thumb Code     2  startup_tm4c123.o(.text)
    PWM1_FAULT_Handler                       0x00000453   Thumb Code     2  startup_tm4c123.o(.text)
    __user_initial_stackheap                 0x00000455   Thumb Code     0  startup_tm4c123.o(.text)
    NVIC_SystemReset                         0x00000475   Thumb Code    18  main.o(.text)
    SysTick_ISR                              0x00000487   Thumb Code   326  main.o(.text)
    main                                     0x000005cd   Thumb Code   102  main.o(.text)
    srand                                    0x00000699   Thumb Code     6  program.o(.text)
    rand                                     0x0000069f   Thumb Code    32  program.o(.text)
    Random_1_to_8                            0x000006bf   Thumb Code    24  program.o(.text)
    Hardware_Init                            0x000006d7   Thumb Code    96  program.o(.text)
    Program_Init                             0x00000737   Thumb Code    58  program.o(.text)
    Program_DeInit                           0x00000771   Thumb Code    26  program.o(.text)
    MainMenu                                 0x0000078b   Thumb Code   200  program.o(.text)
    ProcessLocation                          0x00000853   Thumb Code   424  program.o(.text)
    GoTo                                     0x000009fb   Thumb Code   948  program.o(.text)
    Game_LCDGameOver                         0x00000daf   Thumb Code    30  program.o(.text)
    Game                                     0x00000dcd   Thumb Code   986  program.o(.text)
    Game_LCDRedraw                           0x000011a7   Thumb Code   260  program.o(.text)
    NearBy                                   0x000012ab   Thumb Code   836  program.o(.text)
    toFloat                                  0x000015f5   Thumb Code   364  gps.o(.text)
    HAL_GPSRecieveMsg                        0x00001761   Thumb Code    52  gps.o(.text)
    HAL_GPSParseMsg                          0x00001795   Thumb Code   474  gps.o(.text)
    toRad                                    0x0000196f   Thumb Code   104  gps.o(.text)
    toDegree                                 0x000019d7   Thumb Code   112  gps.o(.text)
    HAL_GPSCalculateDistance                 0x00001a47   Thumb Code   702  gps.o(.text)
    Point_In_Quad                            0x00001d05   Thumb Code   260  gps.o(.text)
    isPointInsideRegion                      0x00001e09   Thumb Code   564  gps.o(.text)
    LCD_SendCommand                          0x000020fd   Thumb Code    28  lcd.o(.text)
    LCD_Clear                                0x00002119   Thumb Code    10  lcd.o(.text)
    LCD_Init                                 0x00002123   Thumb Code   176  lcd.o(.text)
    LCD_SendData                             0x000021d3   Thumb Code    14  lcd.o(.text)
    LCD_WriteChar                            0x000021e1   Thumb Code    12  lcd.o(.text)
    LCD_WriteString                          0x000021ed   Thumb Code    22  lcd.o(.text)
    LCD_SetCursor                            0x00002203   Thumb Code    44  lcd.o(.text)
    HAL_LEDsInit                             0x0000222f   Thumb Code   124  led.o(.text)
    HAL_LEDsCelebrationEffect                0x000022ab   Thumb Code   206  led.o(.text)
    HAL_SWsInit                              0x00002379   Thumb Code    44  switch.o(.text)
    ADC_Init                                 0x000023a5   Thumb Code   130  adc.o(.text)
    ADC_Read                                 0x00002427   Thumb Code    36  adc.o(.text)
    DIO_voidInitPort                         0x00002469   Thumb Code   522  gpio.o(.text)
    DIO_voidSetPinDirection                  0x00002673   Thumb Code   284  gpio.o(.text)
    DIO_voidSetPinValue                      0x0000278f   Thumb Code   414  gpio.o(.text)
    DIO_u8GetPinValue                        0x0000292d   Thumb Code   106  gpio.o(.text)
    DIO_voidTogglePinValue                   0x00002997   Thumb Code   164  gpio.o(.text)
    DIO_voidSetPortDirection                 0x00002a3b   Thumb Code   114  gpio.o(.text)
    DIO_voidSetPortValue                     0x00002aad   Thumb Code   116  gpio.o(.text)
    SysTick_Init                             0x00002b4d   Thumb Code    24  systick.o(.text)
    SYSTICK_DelayMs                          0x00002b65   Thumb Code    26  systick.o(.text)
    SysTick_SetCallback                      0x00002b7f   Thumb Code     6  systick.o(.text)
    SysTick_Handler                          0x00002b85   Thumb Code    16  systick.o(.text)
    UART0_Init                               0x00002b99   Thumb Code   146  uart.o(.text)
    UART0_SendChar                           0x00002c2b   Thumb Code    18  uart.o(.text)
    UART0_ReceiveChar                        0x00002c3d   Thumb Code    20  uart.o(.text)
    UART0_SendString                         0x00002c51   Thumb Code    22  uart.o(.text)
    UART2_Init                               0x00002c67   Thumb Code   188  uart.o(.text)
    UART2_ReceiveChar                        0x00002d23   Thumb Code    20  uart.o(.text)
    UART2_SendChar                           0x00002d37   Thumb Code    18  uart.o(.text)
    UART2_SendString                         0x00002d49   Thumb Code    22  uart.o(.text)
    UART5_Init                               0x00002d5f   Thumb Code   170  uart.o(.text)
    UART5_SendChar                           0x00002e09   Thumb Code    18  uart.o(.text)
    UART5_ReceiveChar                        0x00002e1b   Thumb Code    20  uart.o(.text)
    UART5_SendString                         0x00002e2f   Thumb Code    22  uart.o(.text)
    __2sprintf                               0x00002e71   Thumb Code    34  noretval__2sprintf.o(.text)
    __printf                                 0x00002e99   Thumb Code   104  __printf.o(.text)
    _printf_int_dec                          0x00002f01   Thumb Code   102  _printf_dec.o(.text)
    strchr                                   0x00002f79   Thumb Code    20  strchr.o(.text)
    strlen                                   0x00002f8d   Thumb Code    62  strlen.o(.text)
    __aeabi_memcpy4                          0x00002fcb   Thumb Code     0  rt_memcpy_w.o(.text)
    __aeabi_memcpy8                          0x00002fcb   Thumb Code     0  rt_memcpy_w.o(.text)
    __rt_memcpy_w                            0x00002fcb   Thumb Code   100  rt_memcpy_w.o(.text)
    _memcpy_lastbytes_aligned                0x00003013   Thumb Code     0  rt_memcpy_w.o(.text)
    strncpy                                  0x0000302f   Thumb Code    86  strncpy.o(.text)
    __use_two_region_memory                  0x00003085   Thumb Code     2  heapauxi.o(.text)
    __rt_heap_escrow$2region                 0x00003087   Thumb Code     2  heapauxi.o(.text)
    __rt_heap_expand$2region                 0x00003089   Thumb Code     2  heapauxi.o(.text)
    __read_errno                             0x0000308b   Thumb Code    10  _rserrno.o(.text)
    __set_errno                              0x00003095   Thumb Code    12  _rserrno.o(.text)
    _printf_int_common                       0x000030a1   Thumb Code   184  _printf_intcommon.o(.text)
    _printf_char_common                      0x00003163   Thumb Code    32  _printf_char_common.o(.text)
    _sputc                                   0x00003189   Thumb Code    10  _sputc.o(.text)
    __aeabi_memclr                           0x00003193   Thumb Code     0  rt_memclr.o(.text)
    __rt_memclr                              0x00003193   Thumb Code    68  rt_memclr.o(.text)
    _memset                                  0x00003197   Thumb Code     0  rt_memclr.o(.text)
    __aeabi_errno_addr                       0x000031d9   Thumb Code     8  rt_errno_addr_intlibspace.o(.text)
    __errno$intlibspace                      0x000031d9   Thumb Code     0  rt_errno_addr_intlibspace.o(.text)
    __rt_errno_addr$intlibspace              0x000031d9   Thumb Code     0  rt_errno_addr_intlibspace.o(.text)
    __aeabi_memclr4                          0x000031e1   Thumb Code     0  rt_memclr_w.o(.text)
    __aeabi_memclr8                          0x000031e1   Thumb Code     0  rt_memclr_w.o(.text)
    __rt_memclr_w                            0x000031e1   Thumb Code    78  rt_memclr_w.o(.text)
    _memset_w                                0x000031e5   Thumb Code     0  rt_memclr_w.o(.text)
    __user_libspace                          0x00003231   Thumb Code     8  libspace.o(.text)
    __user_perproc_libspace                  0x00003231   Thumb Code     0  libspace.o(.text)
    __user_perthread_libspace                0x00003231   Thumb Code     0  libspace.o(.text)
    __user_setup_stackheap                   0x00003239   Thumb Code    74  sys_stackheap_outer.o(.text)
    exit                                     0x00003283   Thumb Code    12  exit.o(.text)
    _sys_exit                                0x00003291   Thumb Code     8  sys_exit.o(.text)
    __I$use$semihosting                      0x0000329d   Thumb Code     0  use_no_semi.o(.text)
    __use_no_semihosting_swi                 0x0000329d   Thumb Code     2  use_no_semi.o(.text)
    __ARM_fpclassify                         0x0000329f   Thumb Code    48  fpclassify.o(i.__ARM_fpclassify)
    __semihosting_library_function           0x0000329f   Thumb Code     0  indicate_semi.o(.text)
    __hardfp_atan                            0x000032d1   Thumb Code   636  atan.o(i.__hardfp_atan)
    __hardfp_atan2                           0x000035b9   Thumb Code   416  atan2.o(i.__hardfp_atan2)
    __hardfp_cos                             0x00003799   Thumb Code   200  cos.o(i.__hardfp_cos)
    __hardfp_pow                             0x00003871   Thumb Code  3132  pow.o(i.__hardfp_pow)
    __hardfp_sin                             0x00004501   Thumb Code   200  sin.o(i.__hardfp_sin)
    __hardfp_sqrt                            0x000045d9   Thumb Code   122  sqrt.o(i.__hardfp_sqrt)
    __ieee754_rem_pio2                       0x00004659   Thumb Code   972  rred.o(i.__ieee754_rem_pio2)
    __kernel_cos                             0x00004ab1   Thumb Code   322  cos_i.o(i.__kernel_cos)
    __kernel_poly                            0x00004c21   Thumb Code   248  poly.o(i.__kernel_poly)
    __kernel_sin                             0x00004d19   Thumb Code   280  sin_i.o(i.__kernel_sin)
    __mathlib_dbl_underflow                  0x00004e49   Thumb Code    24  dunder.o(i.__mathlib_dbl_underflow)
    atan                                     0x00004e69   Thumb Code    16  atan.o(i.atan)
    fabs                                     0x00004e79   Thumb Code    32  fabs.o(i.fabs)
    sqrt                                     0x00004e99   Thumb Code   110  sqrt.o(i.sqrt)
    __aeabi_dneg                             0x00004f07   Thumb Code     0  basic.o(x$fpl$basic)
    _dneg                                    0x00004f07   Thumb Code     6  basic.o(x$fpl$basic)
    __aeabi_fneg                             0x00004f0d   Thumb Code     0  basic.o(x$fpl$basic)
    _fneg                                    0x00004f0d   Thumb Code     6  basic.o(x$fpl$basic)
    _dabs                                    0x00004f13   Thumb Code     6  basic.o(x$fpl$basic)
    _fabs                                    0x00004f19   Thumb Code     6  basic.o(x$fpl$basic)
    __aeabi_d2f                              0x00004f21   Thumb Code     0  d2f.o(x$fpl$d2f)
    _d2f                                     0x00004f21   Thumb Code    98  d2f.o(x$fpl$d2f)
    __aeabi_dadd                             0x00004f85   Thumb Code     0  daddsub_clz.o(x$fpl$dadd)
    _dadd                                    0x00004f85   Thumb Code   332  daddsub_clz.o(x$fpl$dadd)
    __fpl_dcheck_NaN1                        0x000050d5   Thumb Code    10  dcheck1.o(x$fpl$dcheck1)
    __fpl_dcmp_Inf                           0x000050e5   Thumb Code    24  dcmpi.o(x$fpl$dcmpinf)
    __aeabi_ddiv                             0x000050fd   Thumb Code     0  ddiv.o(x$fpl$ddiv)
    _ddiv                                    0x000050fd   Thumb Code   552  ddiv.o(x$fpl$ddiv)
    __aeabi_cdcmpeq                          0x000053ad   Thumb Code     0  deqf.o(x$fpl$deqf)
    _dcmpeq                                  0x000053ad   Thumb Code   120  deqf.o(x$fpl$deqf)
    __aeabi_d2iz                             0x00005425   Thumb Code     0  dfix.o(x$fpl$dfix)
    _dfix                                    0x00005425   Thumb Code    94  dfix.o(x$fpl$dfix)
    __aeabi_i2d                              0x00005483   Thumb Code     0  dflt_clz.o(x$fpl$dflt)
    _dflt                                    0x00005483   Thumb Code    46  dflt_clz.o(x$fpl$dflt)
    __aeabi_ui2d                             0x000054b1   Thumb Code     0  dflt_clz.o(x$fpl$dfltu)
    _dfltu                                   0x000054b1   Thumb Code    38  dflt_clz.o(x$fpl$dfltu)
    __aeabi_cdcmple                          0x000054d9   Thumb Code     0  dleqf.o(x$fpl$dleqf)
    _dcmple                                  0x000054d9   Thumb Code   120  dleqf.o(x$fpl$dleqf)
    __fpl_dcmple_InfNaN                      0x0000553b   Thumb Code     0  dleqf.o(x$fpl$dleqf)
    __aeabi_dmul                             0x00005551   Thumb Code     0  dmul.o(x$fpl$dmul)
    _dmul                                    0x00005551   Thumb Code   332  dmul.o(x$fpl$dmul)
    __fpl_dnaninf                            0x000056a5   Thumb Code   156  dnaninf.o(x$fpl$dnaninf)
    __fpl_dretinf                            0x00005741   Thumb Code    12  dretinf.o(x$fpl$dretinf)
    __aeabi_cdrcmple                         0x0000574d   Thumb Code     0  drleqf.o(x$fpl$drleqf)
    _drcmple                                 0x0000574d   Thumb Code   108  drleqf.o(x$fpl$drleqf)
    __aeabi_drsub                            0x000057b9   Thumb Code     0  daddsub_clz.o(x$fpl$drsb)
    _drsb                                    0x000057b9   Thumb Code    22  daddsub_clz.o(x$fpl$drsb)
    _dsqrt                                   0x000057d1   Thumb Code   404  dsqrt_umaal.o(x$fpl$dsqrt)
    __aeabi_dsub                             0x00005969   Thumb Code     0  daddsub_clz.o(x$fpl$dsub)
    _dsub                                    0x00005969   Thumb Code   464  daddsub_clz.o(x$fpl$dsub)
    __aeabi_f2d                              0x00005b3d   Thumb Code     0  f2d.o(x$fpl$f2d)
    _f2d                                     0x00005b3d   Thumb Code    86  f2d.o(x$fpl$f2d)
    __fpl_fnaninf                            0x00005b93   Thumb Code   140  fnaninf.o(x$fpl$fnaninf)
    _fp_init                                 0x00005c1f   Thumb Code    10  fpinit.o(x$fpl$fpinit)
    __fplib_config_fpu_vfp                   0x00005c27   Thumb Code     0  fpinit.o(x$fpl$fpinit)
    __fplib_config_pureend_doubles           0x00005c27   Thumb Code     0  fpinit.o(x$fpl$fpinit)
    __fpl_fretinf                            0x00005c29   Thumb Code    10  fretinf.o(x$fpl$fretinf)
    __fpl_return_NaN                         0x00005c33   Thumb Code   100  retnan.o(x$fpl$retnan)
    __ARM_scalbn                             0x00005c97   Thumb Code    92  scalbn.o(x$fpl$scalbn)
    __fpl_cmpreturn                          0x00005cf3   Thumb Code    48  trapv.o(x$fpl$trapveneer)
    MsgHeader                                0x00005d22   Data           7  gps.o(.constdata)
    __I$use$fp                               0x00005d22   Number         0  usenofp.o(x$fpl$usenofp)
    __mathlib_zero                           0x00005e80   Data           8  qnan.o(.constdata)
    Region$$Table$$Base                      0x00005fb8   Number         0  anon$$obj.o(Region$$Table)
    Region$$Table$$Limit                     0x00005fd8   Number         0  anon$$obj.o(Region$$Table)
    counter                                  0x20000004   Data           4  main.o(.data)
    count_1m                                 0x20000008   Data           4  main.o(.data)
    count_5m                                 0x2000000c   Data           4  main.o(.data)
    randseed                                 0x20000010   Data           4  main.o(.data)
    currentState                             0x20000014   Data           1  main.o(.data)
    currentState2                            0x20000015   Data           1  main.o(.data)
    confirm                                  0x20000018   Data           1  program.o(.data)
    ON                                       0x20000019   Data           1  program.o(.data)
    ON_flag                                  0x2000001a   Data           1  program.o(.data)
    select                                   0x2000001c   Data           4  program.o(.data)
    sel_main                                 0x20000020   Data           1  program.o(.data)
    sel_goto                                 0x20000021   Data           1  program.o(.data)
    GameStart_flag                           0x20000022   Data           1  program.o(.data)
    GameWin_flag                             0x20000023   Data           1  program.o(.data)
    nearDis                                  0x20000028   Data           8  program.o(.data)
    Dis                                      0x20000038   Data           8  program.o(.data)
    treasure                                 0x20000040   Data           8  program.o(.data)
    regions_center                           0x20000048   Data          64  gps.o(.data)
    regions                                  0x20000088   Data         324  gps.o(.data)
    len                                      0x200001cc   Data           4  gps.o(.data)
    region_num                               0x200001d0   Data           4  gps.o(.data)
    curr_p                                   0x200001d4   Data           8  gps.o(.data)
    Qa                                       0x200001dc   Data           4  gps.o(.data)
    Qb                                       0x200001e0   Data           4  gps.o(.data)
    La                                       0x200001e4   Data           4  gps.o(.data)
    Lb                                       0x200001e8   Data           4  gps.o(.data)
    SysTick_Callback                         0x200001ec   Data           4  systick.o(.data)
    msg                                      0x200001f0   Data          48  program.o(.bss)
    MsgRecieved                              0x20000220   Data         130  gps.o(.bss)
    temp                                     0x200002a2   Data          10  gps.o(.bss)
    __libspace_start                         0x200002ac   Data          96  libspace.o(.bss)
    __temporary_stack_top$libspace           0x2000030c   Data           0  libspace.o(.bss)



==============================================================================

Memory Map of the image

  Image Entry point : 0x00000355

  Load Region LR_1 (Base: 0x00000000, Size: 0x000061c8, Max: 0xffffffff, ABSOLUTE, COMPRESSED[0x00006108])

    Execution Region ER_RO (Base: 0x00000000, Size: 0x00005fd8, Max: 0xffffffff, ABSOLUTE)

    Base Addr    Size         Type   Attr      Idx    E Section Name        Object

    0x00000000   0x0000026c   Data   RO            3    RESET               startup_tm4c123.o
    0x0000026c   0x00000008   Code   RO          292  * !!!main             c_w.l(__main.o)
    0x00000274   0x00000034   Code   RO          626    !!!scatter          c_w.l(__scatter.o)
    0x000002a8   0x0000005a   Code   RO          624    !!dczerorl2         c_w.l(__dczerorl2.o)
    0x00000302   0x00000002   PAD
    0x00000304   0x0000001c   Code   RO          628    !!handler_zi        c_w.l(__scatter_zi.o)
    0x00000320   0x00000000   Code   RO          281    .ARM.Collect$$_printf_percent$$00000000  c_w.l(_printf_percent.o)
    0x00000320   0x00000006   Code   RO          280    .ARM.Collect$$_printf_percent$$00000009  c_w.l(_printf_d.o)
    0x00000326   0x00000004   Code   RO          397    .ARM.Collect$$_printf_percent$$00000017  c_w.l(_printf_percent_end.o)
    0x0000032a   0x00000002   Code   RO          496    .ARM.Collect$$libinit$$00000000  c_w.l(libinit.o)
    0x0000032c   0x00000004   Code   RO          501    .ARM.Collect$$libinit$$00000001  c_w.l(libinit2.o)
    0x00000330   0x00000000   Code   RO          505    .ARM.Collect$$libinit$$00000008  c_w.l(libinit2.o)
    0x00000330   0x00000000   Code   RO          507    .ARM.Collect$$libinit$$0000000A  c_w.l(libinit2.o)
    0x00000330   0x00000000   Code   RO          509    .ARM.Collect$$libinit$$0000000C  c_w.l(libinit2.o)
    0x00000330   0x00000000   Code   RO          512    .ARM.Collect$$libinit$$0000000F  c_w.l(libinit2.o)
    0x00000330   0x00000000   Code   RO          514    .ARM.Collect$$libinit$$00000011  c_w.l(libinit2.o)
    0x00000330   0x00000000   Code   RO          516    .ARM.Collect$$libinit$$00000013  c_w.l(libinit2.o)
    0x00000330   0x00000000   Code   RO          518    .ARM.Collect$$libinit$$00000015  c_w.l(libinit2.o)
    0x00000330   0x00000000   Code   RO          520    .ARM.Collect$$libinit$$00000017  c_w.l(libinit2.o)
    0x00000330   0x00000000   Code   RO          522    .ARM.Collect$$libinit$$00000019  c_w.l(libinit2.o)
    0x00000330   0x00000000   Code   RO          524    .ARM.Collect$$libinit$$0000001B  c_w.l(libinit2.o)
    0x00000330   0x00000000   Code   RO          526    .ARM.Collect$$libinit$$0000001D  c_w.l(libinit2.o)
    0x00000330   0x00000000   Code   RO          528    .ARM.Collect$$libinit$$0000001F  c_w.l(libinit2.o)
    0x00000330   0x00000000   Code   RO          530    .ARM.Collect$$libinit$$00000021  c_w.l(libinit2.o)
    0x00000330   0x00000000   Code   RO          532    .ARM.Collect$$libinit$$00000023  c_w.l(libinit2.o)
    0x00000330   0x00000000   Code   RO          536    .ARM.Collect$$libinit$$0000002A  c_w.l(libinit2.o)
    0x00000330   0x00000000   Code   RO          538    .ARM.Collect$$libinit$$0000002C  c_w.l(libinit2.o)
    0x00000330   0x00000000   Code   RO          540    .ARM.Collect$$libinit$$0000002E  c_w.l(libinit2.o)
    0x00000330   0x00000000   Code   RO          542    .ARM.Collect$$libinit$$00000030  c_w.l(libinit2.o)
    0x00000330   0x00000002   Code   RO          543    .ARM.Collect$$libinit$$00000031  c_w.l(libinit2.o)
    0x00000332   0x00000002   Code   RO          565    .ARM.Collect$$libshutdown$$00000000  c_w.l(libshutdown.o)
    0x00000334   0x00000000   Code   RO          579    .ARM.Collect$$libshutdown$$00000003  c_w.l(libshutdown2.o)
    0x00000334   0x00000000   Code   RO          582    .ARM.Collect$$libshutdown$$00000006  c_w.l(libshutdown2.o)
    0x00000334   0x00000000   Code   RO          585    .ARM.Collect$$libshutdown$$00000009  c_w.l(libshutdown2.o)
    0x00000334   0x00000000   Code   RO          587    .ARM.Collect$$libshutdown$$0000000B  c_w.l(libshutdown2.o)
    0x00000334   0x00000000   Code   RO          590    .ARM.Collect$$libshutdown$$0000000E  c_w.l(libshutdown2.o)
    0x00000334   0x00000002   Code   RO          591    .ARM.Collect$$libshutdown$$0000000F  c_w.l(libshutdown2.o)
    0x00000336   0x00000000   Code   RO          388    .ARM.Collect$$rtentry$$00000000  c_w.l(rtentry.o)
    0x00000336   0x00000000   Code   RO          459    .ARM.Collect$$rtentry$$00000002  c_w.l(rtentry2.o)
    0x00000336   0x00000006   Code   RO          471    .ARM.Collect$$rtentry$$00000004  c_w.l(rtentry4.o)
    0x0000033c   0x00000000   Code   RO          461    .ARM.Collect$$rtentry$$00000009  c_w.l(rtentry2.o)
    0x0000033c   0x00000004   Code   RO          462    .ARM.Collect$$rtentry$$0000000A  c_w.l(rtentry2.o)
    0x00000340   0x00000000   Code   RO          464    .ARM.Collect$$rtentry$$0000000C  c_w.l(rtentry2.o)
    0x00000340   0x00000008   Code   RO          465    .ARM.Collect$$rtentry$$0000000D  c_w.l(rtentry2.o)
    0x00000348   0x00000002   Code   RO          499    .ARM.Collect$$rtexit$$00000000  c_w.l(rtexit.o)
    0x0000034a   0x00000000   Code   RO          547    .ARM.Collect$$rtexit$$00000002  c_w.l(rtexit2.o)
    0x0000034a   0x00000004   Code   RO          548    .ARM.Collect$$rtexit$$00000003  c_w.l(rtexit2.o)
    0x0000034e   0x00000006   Code   RO          549    .ARM.Collect$$rtexit$$00000004  c_w.l(rtexit2.o)
    0x00000354   0x00000120   Code   RO            4  * .text               startup_tm4c123.o
    0x00000474   0x00000224   Code   RO           10    .text               main.o
    0x00000698   0x00000f5c   Code   RO           73    .text               program.o
    0x000015f4   0x00000a50   Code   RO           90    .text               gps.o
    0x00002044   0x000001ea   Code   RO          121    .text               lcd.o
    0x0000222e   0x0000014a   Code   RO          142    .text               led.o
    0x00002378   0x0000002c   Code   RO          157    .text               switch.o
    0x000023a4   0x000000c4   Code   RO          172    .text               adc.o
    0x00002468   0x000006e4   Code   RO          202    .text               gpio.o
    0x00002b4c   0x0000004c   Code   RO          217    .text               systick.o
    0x00002b98   0x000002d8   Code   RO          235    .text               uart.o
    0x00002e70   0x00000028   Code   RO          254    .text               c_w.l(noretval__2sprintf.o)
    0x00002e98   0x00000068   Code   RO          256    .text               c_w.l(__printf.o)
    0x00002f00   0x00000078   Code   RO          258    .text               c_w.l(_printf_dec.o)
    0x00002f78   0x00000014   Code   RO          282    .text               c_w.l(strchr.o)
    0x00002f8c   0x0000003e   Code   RO          284    .text               c_w.l(strlen.o)
    0x00002fca   0x00000064   Code   RO          286    .text               c_w.l(rt_memcpy_w.o)
    0x0000302e   0x00000056   Code   RO          288    .text               c_w.l(strncpy.o)
    0x00003084   0x00000006   Code   RO          290    .text               c_w.l(heapauxi.o)
    0x0000308a   0x00000016   Code   RO          389    .text               c_w.l(_rserrno.o)
    0x000030a0   0x000000b8   Code   RO          391    .text               c_w.l(_printf_intcommon.o)
    0x00003158   0x00000030   Code   RO          393    .text               c_w.l(_printf_char_common.o)
    0x00003188   0x0000000a   Code   RO          395    .text               c_w.l(_sputc.o)
    0x00003192   0x00000044   Code   RO          398    .text               c_w.l(rt_memclr.o)
    0x000031d6   0x00000002   PAD
    0x000031d8   0x00000008   Code   RO          476    .text               c_w.l(rt_errno_addr_intlibspace.o)
    0x000031e0   0x0000004e   Code   RO          480    .text               c_w.l(rt_memclr_w.o)
    0x0000322e   0x00000002   PAD
    0x00003230   0x00000008   Code   RO          484    .text               c_w.l(libspace.o)
    0x00003238   0x0000004a   Code   RO          487    .text               c_w.l(sys_stackheap_outer.o)
    0x00003282   0x0000000c   Code   RO          489    .text               c_w.l(exit.o)
    0x0000328e   0x00000002   PAD
    0x00003290   0x0000000c   Code   RO          557    .text               c_w.l(sys_exit.o)
    0x0000329c   0x00000002   Code   RO          568    .text               c_w.l(use_no_semi.o)
    0x0000329e   0x00000000   Code   RO          570    .text               c_w.l(indicate_semi.o)
    0x0000329e   0x00000030   Code   RO          442    i.__ARM_fpclassify  m_wm.l(fpclassify.o)
    0x000032ce   0x00000002   PAD
    0x000032d0   0x000002e8   Code   RO          417    i.__hardfp_atan     m_wm.l(atan.o)
    0x000035b8   0x000001e0   Code   RO          326    i.__hardfp_atan2    m_wm.l(atan2.o)
    0x00003798   0x000000d8   Code   RO          338    i.__hardfp_cos      m_wm.l(cos.o)
    0x00003870   0x00000c90   Code   RO          350    i.__hardfp_pow      m_wm.l(pow.o)
    0x00004500   0x000000d8   Code   RO          364    i.__hardfp_sin      m_wm.l(sin.o)
    0x000045d8   0x0000007a   Code   RO          376    i.__hardfp_sqrt     m_wm.l(sqrt.o)
    0x00004652   0x00000006   PAD
    0x00004658   0x00000458   Code   RO          447    i.__ieee754_rem_pio2  m_wm.l(rred.o)
    0x00004ab0   0x00000170   Code   RO          431    i.__kernel_cos      m_wm.l(cos_i.o)
    0x00004c20   0x000000f8   Code   RO          444    i.__kernel_poly     m_wm.l(poly.o)
    0x00004d18   0x00000130   Code   RO          452    i.__kernel_sin      m_wm.l(sin_i.o)
    0x00004e48   0x00000020   Code   RO          434    i.__mathlib_dbl_underflow  m_wm.l(dunder.o)
    0x00004e68   0x00000010   Code   RO          419    i.atan              m_wm.l(atan.o)
    0x00004e78   0x00000020   Code   RO          438    i.fabs              m_wm.l(fabs.o)
    0x00004e98   0x0000006e   Code   RO          378    i.sqrt              m_wm.l(sqrt.o)
    0x00004f06   0x00000018   Code   RO          400    x$fpl$basic         fz_wm.l(basic.o)
    0x00004f1e   0x00000002   PAD
    0x00004f20   0x00000062   Code   RO          294    x$fpl$d2f           fz_wm.l(d2f.o)
    0x00004f82   0x00000002   PAD
    0x00004f84   0x00000150   Code   RO          296    x$fpl$dadd          fz_wm.l(daddsub_clz.o)
    0x000050d4   0x00000010   Code   RO          482    x$fpl$dcheck1       fz_wm.l(dcheck1.o)
    0x000050e4   0x00000018   Code   RO          402    x$fpl$dcmpinf       fz_wm.l(dcmpi.o)
    0x000050fc   0x000002b0   Code   RO          303    x$fpl$ddiv          fz_wm.l(ddiv.o)
    0x000053ac   0x00000078   Code   RO          306    x$fpl$deqf          fz_wm.l(deqf.o)
    0x00005424   0x0000005e   Code   RO          308    x$fpl$dfix          fz_wm.l(dfix.o)
    0x00005482   0x0000002e   Code   RO          313    x$fpl$dflt          fz_wm.l(dflt_clz.o)
    0x000054b0   0x00000026   Code   RO          312    x$fpl$dfltu         fz_wm.l(dflt_clz.o)
    0x000054d6   0x00000002   PAD
    0x000054d8   0x00000078   Code   RO          318    x$fpl$dleqf         fz_wm.l(dleqf.o)
    0x00005550   0x00000154   Code   RO          320    x$fpl$dmul          fz_wm.l(dmul.o)
    0x000056a4   0x0000009c   Code   RO          404    x$fpl$dnaninf       fz_wm.l(dnaninf.o)
    0x00005740   0x0000000c   Code   RO          406    x$fpl$dretinf       fz_wm.l(dretinf.o)
    0x0000574c   0x0000006c   Code   RO          322    x$fpl$drleqf        fz_wm.l(drleqf.o)
    0x000057b8   0x00000016   Code   RO          297    x$fpl$drsb          fz_wm.l(daddsub_clz.o)
    0x000057ce   0x00000002   PAD
    0x000057d0   0x00000198   Code   RO          408    x$fpl$dsqrt         fz_wm.l(dsqrt_umaal.o)
    0x00005968   0x000001d4   Code   RO          298    x$fpl$dsub          fz_wm.l(daddsub_clz.o)
    0x00005b3c   0x00000056   Code   RO          324    x$fpl$f2d           fz_wm.l(f2d.o)
    0x00005b92   0x0000008c   Code   RO          410    x$fpl$fnaninf       fz_wm.l(fnaninf.o)
    0x00005c1e   0x0000000a   Code   RO          555    x$fpl$fpinit        fz_wm.l(fpinit.o)
    0x00005c28   0x0000000a   Code   RO          412    x$fpl$fretinf       fz_wm.l(fretinf.o)
    0x00005c32   0x00000064   Code   RO          497    x$fpl$retnan        fz_wm.l(retnan.o)
    0x00005c96   0x0000005c   Code   RO          414    x$fpl$scalbn        fz_wm.l(scalbn.o)
    0x00005cf2   0x00000030   Code   RO          544    x$fpl$trapveneer    fz_wm.l(trapv.o)
    0x00005d22   0x00000000   Code   RO          416    x$fpl$usenofp       fz_wm.l(usenofp.o)
    0x00005d22   0x00000007   Data   RO           92    .constdata          gps.o
    0x00005d29   0x00000007   PAD
    0x00005d30   0x00000088   Data   RO          353    .constdata          m_wm.l(pow.o)
    0x00005db8   0x00000098   Data   RO          420    .constdata          m_wm.l(atan.o)
    0x00005e50   0x00000030   Data   RO          432    .constdata          m_wm.l(cos_i.o)
    0x00005e80   0x00000008   Data   RO          446    .constdata          m_wm.l(qnan.o)
    0x00005e88   0x000000c8   Data   RO          449    .constdata          m_wm.l(rred.o)
    0x00005f50   0x00000028   Data   RO          453    .constdata          m_wm.l(sin_i.o)
    0x00005f78   0x0000003d   Data   RO           93    .conststring        gps.o
    0x00005fb5   0x00000003   PAD
    0x00005fb8   0x00000020   Data   RO          622    Region$$Table       anon$$obj.o


    Execution Region ER_RW (Base: 0x20000000, Size: 0x000001f0, Max: 0xffffffff, ABSOLUTE, COMPRESSED[0x00000130])

    Base Addr    Size         Type   Attr      Idx    E Section Name        Object

    0x20000000   0x00000016   Data   RW           11    .data               main.o
    0x20000016   0x00000002   PAD
    0x20000018   0x00000030   Data   RW           75    .data               program.o
    0x20000048   0x000001a4   Data   RW           94    .data               gps.o
    0x200001ec   0x00000004   Data   RW          218    .data               systick.o


    Execution Region ER_ZI (Base: 0x200001f0, Size: 0x00000320, Max: 0xffffffff, ABSOLUTE)

    Base Addr    Size         Type   Attr      Idx    E Section Name        Object

    0x200001f0   0x00000030   Zero   RW           74    .bss                program.o
    0x20000220   0x0000008c   Zero   RW           91    .bss                gps.o
    0x200002ac   0x00000060   Zero   RW          485    .bss                c_w.l(libspace.o)
    0x2000030c   0x00000004   PAD
    0x20000310   0x00000000   Zero   RW            2    HEAP                startup_tm4c123.o
    0x20000310   0x00000200   Zero   RW            1    STACK               startup_tm4c123.o


==============================================================================

Image component sizes


      Code (inc. data)   RO Data    RW Data    ZI Data      Debug   Object Name

       196         30          0          0          0        720   adc.o
      1764        176          0          0          0       2386   gpio.o
      2640        112         68        420        140       5700   gps.o
       490          0          0          0          0       1934   lcd.o
       330          0          0          0          0        765   led.o
       548        102          0         22          0       6516   main.o
      3932        766          0         48         48       4914   program.o
       288         22        620          0        512       5396   startup_tm4c123.o
        44          0          0          0          0        478   switch.o
        76          4          0          4          0       1678   systick.o
       728         44          0          0          0       2357   uart.o

    ----------------------------------------------------------------------
     11036       1256        730        496        700      32844   Object Totals
         0          0         32          0          0          0   (incl. Generated)
         0          0         10          2          0          0   (incl. Padding)

    ----------------------------------------------------------------------

      Code (inc. data)   RO Data    RW Data    ZI Data      Debug   Library Member Name

        90          0          0          0          0          0   __dczerorl2.o
         8          0          0          0          0         68   __main.o
       104          0          0          0          0         84   __printf.o
        52          8          0          0          0          0   __scatter.o
        28          0          0          0          0          0   __scatter_zi.o
        48          6          0          0          0         96   _printf_char_common.o
         6          0          0          0          0          0   _printf_d.o
       120         18          0          0          0         92   _printf_dec.o
       184          0          0          0          0         88   _printf_intcommon.o
         0          0          0          0          0          0   _printf_percent.o
         4          0          0          0          0          0   _printf_percent_end.o
        22          0          0          0          0        100   _rserrno.o
        10          0          0          0          0         68   _sputc.o
        12          0          0          0          0         72   exit.o
         6          0          0          0          0        152   heapauxi.o
         0          0          0          0          0          0   indicate_semi.o
         2          0          0          0          0          0   libinit.o
         6          0          0          0          0          0   libinit2.o
         2          0          0          0          0          0   libshutdown.o
         2          0          0          0          0          0   libshutdown2.o
         8          4          0          0         96         68   libspace.o
        40          6          0          0          0         84   noretval__2sprintf.o
         8          4          0          0          0         68   rt_errno_addr_intlibspace.o
        68          0          0          0          0         68   rt_memclr.o
        78          0          0          0          0         80   rt_memclr_w.o
       100          0          0          0          0         80   rt_memcpy_w.o
         0          0          0          0          0          0   rtentry.o
        12          0          0          0          0          0   rtentry2.o
         6          0          0          0          0          0   rtentry4.o
         2          0          0          0          0          0   rtexit.o
        10          0          0          0          0          0   rtexit2.o
        20          0          0          0          0         68   strchr.o
        62          0          0          0          0         76   strlen.o
        86          0          0          0          0         76   strncpy.o
        12          4          0          0          0         68   sys_exit.o
        74          0          0          0          0         80   sys_stackheap_outer.o
         2          0          0          0          0         68   use_no_semi.o
        24          0          0          0          0        164   basic.o
        98          4          0          0          0        140   d2f.o
       826         16          0          0          0        492   daddsub_clz.o
        16          4          0          0          0        116   dcheck1.o
        24          0          0          0          0        116   dcmpi.o
       688        140          0          0          0        256   ddiv.o
       120          4          0          0          0        140   deqf.o
        94          4          0          0          0        140   dfix.o
        84          0          0          0          0        232   dflt_clz.o
       120          4          0          0          0        140   dleqf.o
       340         12          0          0          0        152   dmul.o
       156          4          0          0          0        140   dnaninf.o
        12          0          0          0          0        116   dretinf.o
       108          0          0          0          0        128   drleqf.o
       408         56          0          0          0        168   dsqrt_umaal.o
        86          4          0          0          0        132   f2d.o
       140          4          0          0          0        132   fnaninf.o
        10          0          0          0          0        116   fpinit.o
        10          0          0          0          0        116   fretinf.o
       100          0          0          0          0        116   retnan.o
        92          0          0          0          0        116   scalbn.o
        48          0          0          0          0        116   trapv.o
         0          0          0          0          0          0   usenofp.o
       760        108        152          0          0        344   atan.o
       480         64          0          0          0        156   atan2.o
       216         16          0          0          0        152   cos.o
       368         46         48          0          0        200   cos_i.o
        32          8          0          0          0        124   dunder.o
        32          0          0          0          0        124   fabs.o
        48          0          0          0          0        124   fpclassify.o
       248          0          0          0          0        152   poly.o
      3216        310        136          0          0        216   pow.o
         0          0          8          0          0          0   qnan.o
      1112        140        200          0          0        188   rred.o
       216         16          0          0          0        152   sin.o
       304         24         40          0          0        208   sin_i.o
       232          0          0          0          0        296   sqrt.o

    ----------------------------------------------------------------------
     12186       1038        584          0        100       7624   Library Totals
        24          0          0          0          4          0   (incl. Padding)

    ----------------------------------------------------------------------

      Code (inc. data)   RO Data    RW Data    ZI Data      Debug   Library Name

      1294         50          0          0         96       1704   c_w.l
      3604        256          0          0          0       3484   fz_wm.l
      7264        732        584          0          0       2436   m_wm.l

    ----------------------------------------------------------------------
     12186       1038        584          0        100       7624   Library Totals

    ----------------------------------------------------------------------

==============================================================================


      Code (inc. data)   RO Data    RW Data    ZI Data      Debug   

     23222       2294       1314        496        800      34080   Grand Totals
     23222       2294       1314        304        800      34080   ELF Image Totals (compressed)
     23222       2294       1314        304          0          0   ROM Totals

==============================================================================

    Total RO  Size (Code + RO Data)                24536 (  23.96kB)
    Total RW  Size (RW Data + ZI Data)              1296 (   1.27kB)
    Total ROM Size (Code + RO Data + RW Data)      24840 (  24.26kB)

==============================================================================

